// Jest Snapshot v1, https://goo.gl/fbAQLP

exports[`LoginForm.vue matches the snapshot 1`] = `
<form class="form-signin"><img src="@/assets/images/icon-login.svg" alt="Login icon" width="100" height="100" class="form-signin__icon mb-4">
  <h1 class="form-signin__title mb-3 font-weight-normal">LOGIN</h1>
  <div class="mb-3">
    <div class="form-floating"><input type="text" id="username" placeholder="Username" aria-describedby="username-error" class="form-control mb-2 border-dark rounded-5"> <label for="username"> Username </label></div>
    <!---->
  </div>
  <div class="form-floating"><input type="password" id="password" placeholder="Password" aria-describedby="password-error" class="form-control mb-2 border-dark rounded-5"> <label for="password"> Password </label></div>
  <!----> <button type="submit" class="form-signin__button btn btn-dark rounded-5 d-flex align-items-center justify-content-center mt-3"><span>Sign in</span></button>
</form>
`;
